Looking in indexes: http://mirrors.aliyun.com/pypi/simple
Collecting qibotn==0.0.3
  Using cached http://mirrors.aliyun.com/pypi/packages/74/d7/b289095819a5ba4072c58adc0fdf129f3fffb77cef4623189c9a8f05c502/qibotn-0.0.3-py3-none-any.whl (25 kB)
Collecting qibo==0.2.17
  Downloading http://mirrors.aliyun.com/pypi/packages/2a/23/a25db54db6b62f3c37c9a8aa05cb6c9db5da4f631a36f9d97c3a629a59bb/qibo-0.2.17-py3-none-any.whl (287 kB)
     ━━━━━━━━━━━━━━━━━━━━━━━━━━━━━━━━━━━━━━━ 287.9/287.9 kB 9.3 MB/s eta 0:00:00
Collecting quimb==1.10.0
  Downloading http://mirrors.aliyun.com/pypi/packages/38/60/463095864b740c1731365f119e663d9f821b5f482362187921a64a8f9175/quimb-1.10.0-py3-none-any.whl (1.7 MB)
     ━━━━━━━━━━━━━━━━━━━━━━━━━━━━━━━━━━━━━━━━ 1.7/1.7 MB 6.7 MB/s eta 0:00:00
Collecting threadpoolctl
  Downloading http://mirrors.aliyun.com/pypi/packages/43/3f/f88a53f60a472b46f4023f56d204dd7de33d34c5d2acbfa0d70a674e639e/threadpoolctl-3.7.0-py3-none-any.whl (26 kB)
Collecting psutil
  Downloading http://mirrors.aliyun.com/pypi/packages/b5/70/5d8df3b09e25bce090399cf48e452d25c935ab72dad19406c77f4e828045/psutil-7.2.2-cp36-abi3-manylinux2010_x86_64.manylinux_2_12_x86_64.manylinux_2_28_x86_64.whl (155 kB)
     ━━━━━━━━━━━━━━━━━━━━━━━━━━━━━━━━━━━━━━ 155.6/155.6 kB 70.5 MB/s eta 0:00:00
Collecting quimb[tensor]<2.0.0,>=1.6.0
  Downloading http://mirrors.aliyun.com/pypi/packages/00/ce/6c2ddde4673acc01715da71c766ac3f638919fd79eb523d9530f885c869f/quimb-1.12.0-py3-none-any.whl (2.0 MB)
     ━━━━━━━━━━━━━━━━━━━━━━━━━━━━━━━━━━━━━━━━ 2.0/2.0 MB 5.2 MB/s eta 0:00:00
Collecting openqasm3[parser]<2.0.0,>=1.0.1
  Downloading http://mirrors.aliyun.com/pypi/packages/75/dd/2aa7698341948f3229f7a1cb75e84d9677444d9c730632d1907716574dc5/openqasm3-1.0.1-py3-none-any.whl (541 kB)
     ━━━━━━━━━━━━━━━━━━━━━━━━━━━━━━━━━━━━━━ 541.5/541.5 kB 49.2 MB/s eta 0:00:00
Collecting numpy<3.0.0,>=2.0.0
  Downloading http://mirrors.aliyun.com/pypi/packages/b4/63/3de6a34ad7ad6646ac7d2f55ebc6ad439dbbf9c4370017c50cf403fb19b5/numpy-2.2.6-cp310-cp310-manylinux_2_17_x86_64.manylinux2014_x86_64.whl (16.8 MB)
     ━━━━━━━━━━━━━━━━━━━━━━━━━━━━━━━━━━━━━━━━ 16.8/16.8 MB 5.4 MB/s eta 0:00:00
Collecting optuna<5.0.0,>=4.2.1
  Downloading http://mirrors.aliyun.com/pypi/packages/ab/f3/e5fcd5d9b15771ed6dc10e3a7eeddc672e418f4f4c4653d216cc1d857e2d/optuna-4.9.0-py3-none-any.whl (425 kB)
     ━━━━━━━━━━━━━━━━━━━━━━━━━━━━━━━━━━━━━ 425.6/425.6 kB 104.2 MB/s eta 0:00:00
Collecting scipy<2.0.0,>=1.15.2
  Downloading http://mirrors.aliyun.com/pypi/packages/8e/6d/41991e503e51fc1134502694c5fa7a1671501a17ffa12716a4a9151af3df/scipy-1.15.3-cp310-cp310-manylinux_2_17_x86_64.manylinux2014_x86_64.whl (37.7 MB)
     ━━━━━━━━━━━━━━━━━━━━━━━━━━━━━━━━━━━━━━━━ 37.7/37.7 MB 5.6 MB/s eta 0:00:00
Collecting networkx<4.0.0,>=3.2.1
  Downloading http://mirrors.aliyun.com/pypi/packages/b9/54/dd730b32ea14ea797530a4479b2ed46a6fb250f682a9cfb997e968bf0261/networkx-3.4.2-py3-none-any.whl (1.7 MB)
     ━━━━━━━━━━━━━━━━━━━━━━━━━━━━━━━━━━━━━━━━ 1.7/1.7 MB 4.1 MB/s eta 0:00:00
Collecting joblib<2.0.0,>=1.4.2
  Downloading http://mirrors.aliyun.com/pypi/packages/18/53/84099323c2ec4be98d935f63c033ac4151ee83836ca1050ede3b3aadf155/joblib-1.6.0-py3-none-any.whl (306 kB)
     ━━━━━━━━━━━━━━━━━━━━━━━━━━━━━━━━━━━━━ 306.1/306.1 kB 109.9 MB/s eta 0:00:00
Collecting sympy<2.0.0,>=1.13.3
  Downloading http://mirrors.aliyun.com/pypi/packages/a2/09/77d55d46fd61b4a135c444fc97158ef34a095e5681d0a6c10b75bf356191/sympy-1.14.0-py3-none-any.whl (6.3 MB)
     ━━━━━━━━━━━━━━━━━━━━━━━━━━━━━━━━━━━━━━━━ 6.3/6.3 MB 7.4 MB/s eta 0:00:00
Collecting tabulate<0.10.0,>=0.9.0
  Downloading http://mirrors.aliyun.com/pypi/packages/40/44/4a5f08c96eb108af5cb50b41f76142f0afa346dfa99d5296fe7202a11854/tabulate-0.9.0-py3-none-any.whl (35 kB)
Collecting cma<4.0.0,>=3.4.0
  Downloading http://mirrors.aliyun.com/pypi/packages/5d/50/132ffca648bcbff4b4a1420cc5d68104b1db5bd0f0f113345ee7589c83c7/cma-3.4.0-py3-none-any.whl (269 kB)
     ━━━━━━━━━━━━━━━━━━━━━━━━━━━━━━━━━━━━━ 269.7/269.7 kB 108.1 MB/s eta 0:00:00
Collecting autoray>=0.6.12
  Downloading http://mirrors.aliyun.com/pypi/packages/9f/be/f0352174093c8beed98e85e37f9190cc7da8f26330b9853f5153a9514a0a/autoray-0.8.11-py3-none-any.whl (941 kB)
     ━━━━━━━━━━━━━━━━━━━━━━━━━━━━━━━━━━━━━━━ 941.6/941.6 kB 7.2 MB/s eta 0:00:00
Collecting tqdm>=4
  Downloading http://mirrors.aliyun.com/pypi/packages/a7/03/921a3d3c75785aca9ebfbfcabfbc3a1be12e2ab5265deb026d55a5a3f83e/tqdm-4.70.1-py3-none-any.whl (80 kB)
     ━━━━━━━━━━━━━━━━━━━━━━━━━━━━━━━━━━━━━━━━ 80.2/80.2 kB 36.8 MB/s eta 0:00:00
Collecting cotengra>=0.6.1
  Downloading http://mirrors.aliyun.com/pypi/packages/f6/27/157df41828f9d3ea3db17b1d299c900e7faa84e14fc0cf32ded39e87b7e8/cotengra-0.8.2-py3-none-any.whl (254 kB)
     ━━━━━━━━━━━━━━━━━━━━━━━━━━━━━━━━━━━━━━ 254.4/254.4 kB 92.7 MB/s eta 0:00:00
Collecting numba>=0.39
  Downloading http://mirrors.aliyun.com/pypi/packages/e5/17/5358f24235ef1a5a80b7e28f3e1baa886c0bcf07dc68557009284e6ba698/numba-0.67.0-cp310-cp310-manylinux2014_x86_64.manylinux_2_17_x86_64.whl (3.8 MB)
     ━━━━━━━━━━━━━━━━━━━━━━━━━━━━━━━━━━━━━━━━ 3.8/3.8 MB 9.0 MB/s eta 0:00:00
Collecting cytoolz>=0.8.0
  Downloading http://mirrors.aliyun.com/pypi/packages/9f/33/afad6593829ba73fc87b5ae64441e380fc937f79f24a1cda60d23cb99b8c/cytoolz-1.1.0-cp310-cp310-manylinux2014_x86_64.manylinux_2_17_x86_64.manylinux_2_28_x86_64.whl (2.7 MB)
     ━━━━━━━━━━━━━━━━━━━━━━━━━━━━━━━━━━━━━━━━ 2.7/2.7 MB 6.4 MB/s eta 0:00:00
Collecting toolz>=0.8.0
  Downloading http://mirrors.aliyun.com/pypi/packages/fb/12/5911ae3eeec47800503a238d971e51722ccea5feb8569b735184d5fcdbc0/toolz-1.1.0-py3-none-any.whl (58 kB)
     ━━━━━━━━━━━━━━━━━━━━━━━━━━━━━━━━━━━━━━━━ 58.1/58.1 kB 26.6 MB/s eta 0:00:00
Collecting cloudpickle>=3.0
  Downloading http://mirrors.aliyun.com/pypi/packages/88/39/799be3f2f0f38cc727ee3b4f1445fe6d5e4133064ec2e4115069418a5bb6/cloudpickle-3.1.2-py3-none-any.whl (22 kB)
Collecting llvmlite<0.50,>=0.49.0dev0
  Downloading http://mirrors.aliyun.com/pypi/packages/72/2c/eb42378b4f3afc71f9fe172d01f30135dc1d54c7fd95cf76d5445d6f7809/llvmlite-0.49.0-cp310-cp310-manylinux2014_x86_64.manylinux_2_17_x86_64.whl (59.9 MB)
     ━━━━━━━━━━━━━━━━━━━━━━━━━━━━━━━━━━━━━━━━ 59.9/59.9 MB 5.6 MB/s eta 0:00:00
Collecting antlr4_python3_runtime<4.14,>=4.7
  Downloading http://mirrors.aliyun.com/pypi/packages/89/03/a851e84fcbb85214dc637b6378121ef9a0dd61b4c65264675d8a5c9b1ae7/antlr4_python3_runtime-4.13.2-py3-none-any.whl (144 kB)
     ━━━━━━━━━━━━━━━━━━━━━━━━━━━━━━━━━━━━━━ 144.5/144.5 kB 41.1 MB/s eta 0:00:00
Collecting packaging>=20.0
  Downloading http://mirrors.aliyun.com/pypi/packages/63/34/ba1c580383c9eada3711951fef0795c80b829a078d72188184bcab9dd527/packaging-26.3-py3-none-any.whl (129 kB)
     ━━━━━━━━━━━━━━━━━━━━━━━━━━━━━━━━━━━━━━ 130.0/130.0 kB 62.1 MB/s eta 0:00:00
Collecting alembic>=1.5.0
  Downloading http://mirrors.aliyun.com/pypi/packages/3f/27/78a89b55b0904d222183164e079b4ca56208e94eff1d35ad1f1ad5be9b06/alembic-1.20.0-py3-none-any.whl (268 kB)
     ━━━━━━━━━━━━━━━━━━━━━━━━━━━━━━━━━━━━━ 268.7/268.7 kB 100.5 MB/s eta 0:00:00
Collecting colorlog
  Downloading http://mirrors.aliyun.com/pypi/packages/d4/19/0b6647bf5e331521e55d2b63bfbdc210bd9cd605189273f03614a05f702d/colorlog-6.12.0-py3-none-any.whl (12 kB)
Collecting sqlalchemy>=1.4.2
  Downloading http://mirrors.aliyun.com/pypi/packages/c8/93/9d26b109f5472017bf6e7a1b9dac12ac5f6165ba37a297834d0690c42cf3/sqlalchemy-2.0.54-cp310-cp310-manylinux2014_x86_64.manylinux_2_17_x86_64.manylinux_2_28_x86_64.whl (3.4 MB)
     ━━━━━━━━━━━━━━━━━━━━━━━━━━━━━━━━━━━━━━━━ 3.4/3.4 MB 8.0 MB/s eta 0:00:00
Collecting PyYAML
  Downloading http://mirrors.aliyun.com/pypi/packages/7a/1e/7acc4f0e74c4b3d9531e24739e0ab832a5edf40e64fbae1a9c01941cabd7/pyyaml-6.0.3-cp310-cp310-manylinux2014_x86_64.manylinux_2_17_x86_64.manylinux_2_28_x86_64.whl (770 kB)
     ━━━━━━━━━━━━━━━━━━━━━━━━━━━━━━━━━━━━━ 770.3/770.3 kB 148.3 MB/s eta 0:00:00
WARNING: quimb 1.12.0 does not provide the extra 'tensor'
Collecting quimb[tensor]<2.0.0,>=1.6.0
  Downloading http://mirrors.aliyun.com/pypi/packages/4c/be/cc32aaf468c5856e0c738ae7b2e494d12d50db3906c751834ca5f0e157fb/quimb-1.11.2-py3-none-any.whl (2.1 MB)
     ━━━━━━━━━━━━━━━━━━━━━━━━━━━━━━━━━━━━━━━━ 2.1/2.1 MB 7.0 MB/s eta 0:00:00
  Downloading http://mirrors.aliyun.com/pypi/packages/2b/5f/633e30cbc44ec0a6d1fd4cb24f0cd586af7da8903897f6c26a00e5375d5e/quimb-1.11.1-py3-none-any.whl (2.0 MB)
     ━━━━━━━━━━━━━━━━━━━━━━━━━━━━━━━━━━━━━━━━ 2.0/2.0 MB 6.8 MB/s eta 0:00:00
  Downloading http://mirrors.aliyun.com/pypi/packages/fa/2f/2baf78e8be55b83fd933f6a593ee53835c4d1757a748ceba808086e54ecc/quimb-1.11.0-py3-none-any.whl (2.0 MB)
     ━━━━━━━━━━━━━━━━━━━━━━━━━━━━━━━━━━━━━━━━ 2.0/2.0 MB 7.1 MB/s eta 0:00:00
Collecting matplotlib>=2.0
  Downloading http://mirrors.aliyun.com/pypi/packages/fc/b7/d8bcec2626c35f96972bff656299fef4578113ea6193c8fdad324710410c/matplotlib-3.10.9-cp310-cp310-manylinux2014_x86_64.manylinux_2_17_x86_64.whl (8.8 MB)
     ━━━━━━━━━━━━━━━━━━━━━━━━━━━━━━━━━━━━━━━━ 8.8/8.8 MB 6.0 MB/s eta 0:00:00
Collecting mpmath<1.4,>=1.1.0
  Downloading http://mirrors.aliyun.com/pypi/packages/43/e3/7d92a15f894aa0c9c4b49b8ee9ac9850d6e63b03c9c32c0367a13ae62209/mpmath-1.3.0-py3-none-any.whl (536 kB)
     ━━━━━━━━━━━━━━━━━━━━━━━━━━━━━━━━━━━━━ 536.2/536.2 kB 118.9 MB/s eta 0:00:00
Collecting Mako
  Downloading http://mirrors.aliyun.com/pypi/packages/a5/54/12ed58d458474aaab5c3d180173e745a4fe131bb330370596876d19ff60f/mako-1.4.1-py3-none-any.whl (80 kB)
     ━━━━━━━━━━━━━━━━━━━━━━━━━━━━━━━━━━━━━━━━ 80.0/80.0 kB 39.9 MB/s eta 0:00:00
Collecting tomli
  Downloading http://mirrors.aliyun.com/pypi/packages/7b/61/cceae43728b7de99d9b847560c262873a1f6c98202171fd5ed62640b494b/tomli-2.4.1-py3-none-any.whl (14 kB)
Collecting typing-extensions>=4.12
  Downloading http://mirrors.aliyun.com/pypi/packages/49/d3/b8441a820a491ddfc024b0b0cf0393375b75ea13866d9c66727e54c2fc80/typing_extensions-4.16.0-py3-none-any.whl (45 kB)
     ━━━━━━━━━━━━━━━━━━━━━━━━━━━━━━━━━━━━━━━━ 45.6/45.6 kB 20.3 MB/s eta 0:00:00
Collecting pillow>=8
  Downloading http://mirrors.aliyun.com/pypi/packages/4e/89/36f4cd76cf4baf05c50ababb976249153f18c959171c7f6ba09a6f217260/pillow-12.3.0-cp310-cp310-manylinux_2_27_x86_64.manylinux_2_28_x86_64.whl (6.9 MB)
     ━━━━━━━━━━━━━━━━━━━━━━━━━━━━━━━━━━━━━━━━ 6.9/6.9 MB 6.6 MB/s eta 0:00:00
Collecting pyparsing>=3
  Downloading http://mirrors.aliyun.com/pypi/packages/10/bd/c038d7cc38edc1aa5bf91ab8068b63d4308c66c4c8bb3cbba7dfbc049f9c/pyparsing-3.3.2-py3-none-any.whl (122 kB)
     ━━━━━━━━━━━━━━━━━━━━━━━━━━━━━━━━━━━━━━ 122.8/122.8 kB 65.7 MB/s eta 0:00:00
Collecting python-dateutil>=2.7
  Downloading http://mirrors.aliyun.com/pypi/packages/ec/57/56b9bcc3c9c6a792fcbaf139543cee77261f3651ca9da0c93f5c1221264b/python_dateutil-2.9.0.post0-py2.py3-none-any.whl (229 kB)
     ━━━━━━━━━━━━━━━━━━━━━━━━━━━━━━━━━━━━━ 229.9/229.9 kB 109.7 MB/s eta 0:00:00
Collecting cycler>=0.10
  Downloading http://mirrors.aliyun.com/pypi/packages/e7/05/c19819d5e3d95294a6f5947fb9b9629efb316b96de511b418c53d245aae6/cycler-0.12.1-py3-none-any.whl (8.3 kB)
Collecting contourpy>=1.0.1
  Downloading http://mirrors.aliyun.com/pypi/packages/32/5c/1ee32d1c7956923202f00cf8d2a14a62ed7517bdc0ee1e55301227fc273c/contourpy-1.3.2-cp310-cp310-manylinux_2_17_x86_64.manylinux2014_x86_64.whl (325 kB)
     ━━━━━━━━━━━━━━━━━━━━━━━━━━━━━━━━━━━━━ 325.0/325.0 kB 122.3 MB/s eta 0:00:00
Collecting kiwisolver>=1.3.1
  Downloading http://mirrors.aliyun.com/pypi/packages/f1/0e/9f394d693be549fa3fab62498c2778294595991047adc3dcf10aa99b91c0/kiwisolver-1.5.1-cp310-cp310-manylinux_2_12_x86_64.manylinux2010_x86_64.whl (1.6 MB)
     ━━━━━━━━━━━━━━━━━━━━━━━━━━━━━━━━━━━━━━━━ 1.6/1.6 MB 7.7 MB/s eta 0:00:00
Collecting fonttools>=4.22.0
  Downloading http://mirrors.aliyun.com/pypi/packages/ee/56/151b5e81d20c63834f48ad37a0cbbbe2f9b248e38f8d10387f0cf5219244/fonttools-4.65.0-cp310-cp310-manylinux2014_x86_64.manylinux_2_17_x86_64.whl (5.3 MB)
     ━━━━━━━━━━━━━━━━━━━━━━━━━━━━━━━━━━━━━━━━ 5.3/5.3 MB 6.3 MB/s eta 0:00:00
Collecting greenlet>=1
  Downloading http://mirrors.aliyun.com/pypi/packages/94/5c/092682ae7ca1aadd44aa36b0bc35c48c9ed55f9ffebb5794980b1e2ae74b/greenlet-3.5.6-cp310-cp310-manylinux_2_24_x86_64.manylinux_2_28_x86_64.whl (622 kB)
     ━━━━━━━━━━━━━━━━━━━━━━━━━━━━━━━━━━━━━ 622.8/622.8 kB 108.9 MB/s eta 0:00:00
Collecting six>=1.5
  Downloading http://mirrors.aliyun.com/pypi/packages/b7/ce/149a00dd41f10bc29e5921b496af8b574d8413afcd5e30dfa0ed46c2cc5e/six-1.17.0-py2.py3-none-any.whl (11 kB)
Collecting MarkupSafe>=2.0
  Downloading http://mirrors.aliyun.com/pypi/packages/af/cd/ce6e848bbf2c32314c9b237839119c5a564a59725b53157c856e90937b7a/markupsafe-3.0.3-cp310-cp310-manylinux2014_x86_64.manylinux_2_17_x86_64.manylinux_2_28_x86_64.whl (20 kB)
Installing collected packages: openqasm3, mpmath, antlr4_python3_runtime, typing-extensions, tqdm, toolz, tomli, threadpoolctl, tabulate, sympy, six, PyYAML, pyparsing, psutil, pillow, packaging, numpy, networkx, MarkupSafe, llvmlite, kiwisolver, greenlet, fonttools, cycler, colorlog, cloudpickle, autoray, sqlalchemy, scipy, python-dateutil, numba, Mako, joblib, cytoolz, cotengra, contourpy, cma, quimb, matplotlib, alembic, optuna, qibo, qibotn
Successfully installed Mako-1.4.1 MarkupSafe-3.0.3 PyYAML-6.0.3 alembic-1.20.0 antlr4_python3_runtime-4.13.2 autoray-0.8.11 cloudpickle-3.1.2 cma-3.4.0 colorlog-6.12.0 contourpy-1.3.2 cotengra-0.8.2 cycler-0.12.1 cytoolz-1.1.0 fonttools-4.65.0 greenlet-3.5.6 joblib-1.6.0 kiwisolver-1.5.1 llvmlite-0.49.0 matplotlib-3.10.9 mpmath-1.3.0 networkx-3.4.2 numba-0.67.0 numpy-2.2.6 openqasm3-1.0.1 optuna-4.9.0 packaging-26.3 pillow-12.3.0 psutil-7.2.2 pyparsing-3.3.2 python-dateutil-2.9.0.post0 qibo-0.2.17 qibotn-0.0.3 quimb-1.10.0 scipy-1.15.3 six-1.17.0 sqlalchemy-2.0.54 sympy-1.14.0 tabulate-0.9.0 threadpoolctl-3.7.0 tomli-2.4.1 toolz-1.1.0 tqdm-4.70.1 typing-extensions-4.16.0

[notice] A new release of pip available: 22.2.2 -> 26.2.1
[notice] To update, run: python -m pip install --upgrade pip
